DATABASE_URL=mysql://na0dxcldv9z86ych:v4i1s2k2axk2921u@s9xpbd61ok2i7drv.cbetxkdyhwsb.us-east-1.rds.amazonaws.com:3306/mtv9beb2lbjepw8a
